MPLINK 4.49, Linker
Linker Map File - Created Sat Nov 17 17:54:13 2018

                                 Section Info
                  Section       Type    Address   Location Size(Bytes)
                ---------  ---------  ---------  ---------  ---------
                   .org_0       code   0x000000    program   0x000000
                   .org_1       code   0x000000    program   0x00005c
.config_2007_UYGULAMA-46.O       code   0x002007    program   0x000002



                              Program Memory Usage 
                               Start         End      
                           ---------   ---------      
                            0x000000    0x00002d      
                            0x002007    0x002007      
            47 out of 8454 program addresses used, program memory utilization is 0%



                              Symbols - Sorted by Name
                     Name    Address   Location    Storage File                     
                ---------  ---------  ---------  --------- ---------                
                ANA_METOT   0x000001    program     static D:\mikroislemciler\2018GuzDonemi\46.uygulama\uygulama-46.asm
         DONUSTURME_METOT   0x000014    program     static D:\mikroislemciler\2018GuzDonemi\46.uygulama\uygulama-46.asm
                  GECIKME   0x000025    program     static D:\mikroislemciler\2018GuzDonemi\46.uygulama\uygulama-46.asm
                  KONTROL   0x000018    program     static D:\mikroislemciler\2018GuzDonemi\46.uygulama\uygulama-46.asm
                  TEKRAR1   0x000027    program     static D:\mikroislemciler\2018GuzDonemi\46.uygulama\uygulama-46.asm
                  TEKRAR2   0x000029    program     static D:\mikroislemciler\2018GuzDonemi\46.uygulama\uygulama-46.asm
                   YAZDIR   0x00001a    program     static D:\mikroislemciler\2018GuzDonemi\46.uygulama\uygulama-46.asm



                              Symbols - Sorted by Address
                     Name    Address   Location    Storage File                     
                ---------  ---------  ---------  --------- ---------                
                ANA_METOT   0x000001    program     static D:\mikroislemciler\2018GuzDonemi\46.uygulama\uygulama-46.asm
         DONUSTURME_METOT   0x000014    program     static D:\mikroislemciler\2018GuzDonemi\46.uygulama\uygulama-46.asm
                  KONTROL   0x000018    program     static D:\mikroislemciler\2018GuzDonemi\46.uygulama\uygulama-46.asm
                   YAZDIR   0x00001a    program     static D:\mikroislemciler\2018GuzDonemi\46.uygulama\uygulama-46.asm
                  GECIKME   0x000025    program     static D:\mikroislemciler\2018GuzDonemi\46.uygulama\uygulama-46.asm
                  TEKRAR1   0x000027    program     static D:\mikroislemciler\2018GuzDonemi\46.uygulama\uygulama-46.asm
                  TEKRAR2   0x000029    program     static D:\mikroislemciler\2018GuzDonemi\46.uygulama\uygulama-46.asm


